> Task :app:preBuild UP-TO-DATE
> Task :app:preDebugBuild UP-TO-DATE
> Task :app:generateDebugBuildConfig UP-TO-DATE
> Task :app:generateDebugResources UP-TO-DATE
> Task :app:processDebugGoogleServices UP-TO-DATE
> Task :app:packageDebugResources UP-TO-DATE
> Task :app:processDebugNavigationResources UP-TO-DATE
> Task :app:parseDebugLocalResources UP-TO-DATE
> Task :app:generateDebugRFile UP-TO-DATE
> Task :app:compileDebugKotlin UP-TO-DATE
> Task :app:javaPreCompileDebug UP-TO-DATE

> Task :app:compileDebugJavaWithJavac
./gradlew : 
C:\Users\julio\AndroidStudioProjects\sleppify\app\src\main\java\com\example\sleppify\MusicPlayerFragment.java:873: 
error: cannot find symbol
En línea: 1 Carácter: 1
+ ./gradlew compileDebugJavaWithJavac > build_errors.txt 2>&1
+ ~~~~~~~~~~~~~~~~~~~~~~~~~~~~~~~~~~~~~~~~~~~~~~~~~~~~~~~~~~~
    + CategoryInfo          : NotSpecified: (C:\Users\julio\...not find symbol:String) [], RemoteException
    + FullyQualifiedErrorId : NativeCommandError
 
        maybeEnqueueNextOfflineAutoPlaylist();
        ^
  symbol:   method maybeEnqueueNextOfflineAutoPlaylist()
  location: class MusicPlayerFragment
C:\Users\julio\AndroidStudioProjects\sleppify\app\src\main\java\com\example\sleppify\MusicPlayerFragment.java:903: 
error: cannot find symbol
        maybeEnqueueNextOfflineAutoPlaylist();
        ^
  symbol:   method maybeEnqueueNextOfflineAutoPlaylist()
  location: class MusicPlayerFragment
C:\Users\julio\AndroidStudioProjects\sleppify\app\src\main\java\com\example\sleppify\MusicPlayerFragment.java:1743: 
error: cannot find symbol
        maybeEnqueueNextOfflineAutoPlaylist();
        ^
  symbol:   method maybeEnqueueNextOfflineAutoPlaylist()
  location: class MusicPlayerFragment
C:\Users\julio\AndroidStudioProjects\sleppify\app\src\main\java\com\example\sleppify\MusicPlayerFragment.java:2007: 
error: cannot find symbol
            ArrayList<CachedPlaylistTrack> cachedTracks = loadCachedPlaylistTracksForOffline(playlistId);
                                                          ^
  symbol:   method loadCachedPlaylistTracksForOffline(String)
  location: class MusicPlayerFragment
C:\Users\julio\AndroidStudioProjects\sleppify\app\src\main\java\com\example\sleppify\MusicPlayerFragment.java:4146: 
error: cannot find symbol
        SongPlayerFragment existingPlayer = findSongPlayerFragment();
                                            ^
  symbol:   method findSongPlayerFragment()
  location: class MusicPlayerFragment
C:\Users\julio\AndroidStudioProjects\sleppify\app\src\main\java\com\example\sleppify\MusicPlayerFragment.java:4158: 
error: cannot find symbol
                clearPersistedPositionForVideoId(ids.get(selectedIndex));
                ^
  symbol:   method clearPersistedPositionForVideoId(String)
  location: class MusicPlayerFragment
C:\Users\julio\AndroidStudioProjects\sleppify\app\src\main\java\com\example\sleppify\MusicPlayerFragment.java:4180: 
error: cannot find symbol
        updateMiniPlayerUi();
        ^
  symbol:   method updateMiniPlayerUi()
  location: class MusicPlayerFragment
C:\Users\julio\AndroidStudioProjects\sleppify\app\src\main\java\com\example\sleppify\MusicPlayerFragment.java:4450: 
error: cannot find symbol
                    playlistOfflineCompleteCache.put(candidateId, isPersistedPlaylistOfflineComplete(candidateId));
                                                                  ^
  symbol:   method isPersistedPlaylistOfflineComplete(String)
  location: class MusicPlayerFragment.MusicResultsAdapter
C:\Users\julio\AndroidStudioProjects\sleppify\app\src\main\java\com\example\sleppify\MusicPlayerFragment.java:4558: 
error: cannot find symbol
                playlistOfflineCompleteCache.put(playlistId, isPersistedPlaylistOfflineComplete(playlistId));
                                                             ^
  symbol:   method isPersistedPlaylistOfflineComplete(String)
  location: class MusicPlayerFragment.MusicResultsAdapter
C:\Users\julio\AndroidStudioProjects\sleppify\app\src\main\java\com\example\sleppify\MusicPlayerFragment.java:4667: 
error: cannot find symbol
                        cachedState = isPersistedPlaylistOfflineComplete(playlistId);
                                      ^
  symbol:   method isPersistedPlaylistOfflineComplete(String)
  location: class MusicPlayerFragment.MusicResultsAdapter
C:\Users\julio\AndroidStudioProjects\sleppify\app\src\main\java\com\example\sleppify\MusicPlayerFragment.java:4782: 
error: cannot find symbol
                boolean computed = isPlaylistFullyOffline(playlistId);
                                   ^
  symbol:   method isPlaylistFullyOffline(String)
  location: class MusicPlayerFragment.MusicResultsAdapter
C:\Users\julio\AndroidStudioProjects\sleppify\app\src\main\java\com\example\sleppify\MusicPlayerFragment.java:4919: 
error: cannot find symbol
                && (track.contentId.startsWith(CustomPlaylistsStore.CUSTOM_PLAYLIST_PREFIX) || 
!isLikedPlaylistStyle(track));
                                                                                                ^
  symbol:   method isLikedPlaylistStyle(TrackResult)
  location: class MusicPlayerFragment
C:\Users\julio\AndroidStudioProjects\sleppify\app\src\main\java\com\example\sleppify\MusicPlayerFragment.java:4923: 
error: cannot find symbol
                    R.drawable.ic_trash_can,
                              ^
  symbol:   variable ic_trash_can
  location: class drawable
C:\Users\julio\AndroidStudioProjects\sleppify\app\src\main\java\com\example\sleppify\MusicPlayerFragment.java:4947: 
error: cannot find symbol
        refreshLibraryPullAsync();
        ^
  symbol:   method refreshLibraryPullAsync()
  location: class MusicPlayerFragment
C:\Users\julio\AndroidStudioProjects\sleppify\app\src\main\java\com\example\sleppify\MusicPlayerFragment.java:4958: 
error: cannot find symbol
            refreshLibraryPullAsync();
            ^
  symbol:   method refreshLibraryPullAsync()
  location: class MusicPlayerFragment
C:\Users\julio\AndroidStudioProjects\sleppify\app\src\main\java\com\example\sleppify\MusicPlayerFragment.java:4963: 
error: cannot find symbol
            refreshLibraryPullAsync();
            ^
  symbol:   method refreshLibraryPullAsync()
  location: class MusicPlayerFragment
C:\Users\julio\AndroidStudioProjects\sleppify\app\src\main\java\com\example\sleppify\PlaylistDetailFragment.java:3244: 
error: cannot find symbol
                    showPlayer(existingPlayer);
                    ^
  symbol:   method showPlayer(SongPlayerFragment)
  location: class PlaylistDetailFragment
C:\Users\julio\AndroidStudioProjects\sleppify\app\src\main\java\com\example\sleppify\PlaylistDetailFragment.java:3336: 
error: cannot find symbol
            showPlayer(existingPlayer);
            ^
  symbol:   method showPlayer(SongPlayerFragment)
  location: class PlaylistDetailFragment
C:\Users\julio\AndroidStudioProjects\sleppify\app\src\main\java\com\example\sleppify\PlaylistDetailFragment.java:3349: 
error: cannot find symbol
            showPlayer(playerFragment);
            ^
  symbol:   method showPlayer(SongPlayerFragment)
  location: class PlaylistDetailFragment
Note: Some input files use or override a deprecated API.
Note: Recompile with -Xlint:deprecation for details.
19 errors

> Task :app:compileDebugJavaWithJavac FAILED

[Incubating] Problems report is available at: file:///C:/Users/julio/AndroidStudioProjects/sleppify/build/reports/problems/problems-report.html

FAILURE: Build failed with an exception.

* What went wrong:
Execution failed for task ':app:compileDebugJavaWithJavac'.
> Compilation failed; see the compiler output below.
  C:\Users\julio\AndroidStudioProjects\sleppify\app\src\main\java\com\example\sleppify\MusicPlayerFragment.java:873: 
error: cannot find symbol
          maybeEnqueueNextOfflineAutoPlaylist();
          ^
    symbol:   method maybeEnqueueNextOfflineAutoPlaylist()
    location: class MusicPlayerFragment
  19 errors

* Try:
> Check your code and dependencies to fix the compilation error(s)
> Run with --scan to get full insights from a Build Scan (powered by Develocity).

BUILD FAILED in 12s
10 actionable tasks: 1 executed, 9 up-to-date
